[www.zonetangible.com/index.html]
[static.wixstatic.com/media/d5e555_6347cb6be48a4351b0be5329fc3e1934_mv2.png/v1/fill/w_32,h_32,lg_1,usm_0.66_1.00_0.01/d5e555_6347cb6be48a4351b0be5329fc3e1934_mv2.png]
[static.parastorage.com/unpkg/core-js-bundle@3.2.1/minified.js]
[static.parastorage.com/unpkg/focus-within-polyfill@5.0.9/dist/focus-within-polyfill.js]
[polyfill.io/v3/polyfill.mind82c.js]
[browser.sentry-cdn.com/6.18.2/bundle.min.js]
[www.zonetangible.com/decodeURIComponent(e.5.delayed]
[backblue.gif]
[fade.gif]
[index.html]
[www.zonetangible.com/sitemap.xml]
[www.zonetangible.com/feed.7.delayed]
[static.parastorage.com/services/wix-thunderbolt/dist/ab-test-compilation/thunderbolt-commons.62201884.bundle.min.js]
[static.parastorage.com/services/wix-thunderbolt/dist/ab-test-compilation/main.0ea1ca3c.bundle.min.js]
[static.parastorage.com/unpkg/lodash@4.17.21/lodash.min.js]
[static.parastorage.com/unpkg/react@16.14.0/umd/react.production.min.js]
[static.parastorage.com/services/tag-manager-client/1.705.0/siteTags.bundle.min.js]
[static.parastorage.com/services/wix-perf-measure/1.1051.0/wix-perf-measure.umd.min.js]
[static.parastorage.com/unpkg/react-dom@16.14.0/umd/react-dom.production.min.js]
[www.zonetangible.com/cart.html]
[www.zonetangible.com/services-1.html]
[static.wixstatic.com/media/d5e555_6347cb6be48a4351b0be5329fc3e1934_mv2.png/v1/fill/w_146,h_146,al_c,q_85,usm_0.66_1.00_0.01,enc_auto/ZT.png]
[static.wixstatic.com/media/d5e555_fff062a8bab044f38bf8702f12804c1c_mv2.jpg/v1/fill/w_125,h_70,al_c,q_80,usm_0.66_1.00_0.01,blur_2,enc_auto/d5e555_fff062a8bab044f38bf8702f12804c1c_mv2.jpg]
[www.zonetangible.com/customer-care.html]
[www.zonetangible.com/about-5.html]
[static.wixstatic.com/media/d5e555_4eaeeed6afb54e2180018e9280927e36_mv2.jpg/v1/fill/w_59,h_59,al_c,q_80,usm_0.66_1.00_0.01,blur_2,enc_auto/d5e555_4eaeeed6afb54e2180018e9280927e36_mv2.jpg]
[static.wixstatic.com/media/d5e555_1a1012d28abb4c818c395dce1ba77cb3_mv2.jpg/v1/fill/w_59,h_59,al_c,q_80,usm_0.66_1.00_0.01,blur_2,enc_auto/d5e555_1a1012d28abb4c818c395dce1ba77cb3_mv2.jpg]
[static.wixstatic.com/media/d5e555_11de278941c0403cb34cd4a8c2fb976b_mv2.jpg/v1/fill/w_55,h_74,al_c,q_80,usm_0.66_1.00_0.01,blur_2,enc_auto/d5e555_11de278941c0403cb34cd4a8c2fb976b_mv2.jpg]
[static.wixstatic.com/media/d5e555_7a93e56d5d0544bfbee5d6994ce16ea7_mv2.jpg/v1/fill/w_55,h_74,al_c,q_80,usm_0.66_1.00_0.01,blur_2,enc_auto/d5e555_7a93e56d5d0544bfbee5d6994ce16ea7_mv2.jpg]
[www.zonetangible.com/index.html]
[www.zonetangible.com/decodeURIComponent(e.html]
[www.zonetangible.com/feed.html]
[www.zonetangible.com/cart.html]
[static.parastorage.com/services/wix-thunderbolt/dist/thunderbolt-commons.62201884.bundle.min.js]
[static.parastorage.com/services/wix-thunderbolt/dist/main.239f06e5.bundle.min.js]
[static.wixstatic.com/media/d5e555_b10ff9367997422fade7cb06a6fd79e8_mv2.jpg/v1/fill/w_62,h_83,al_c,q_80,usm_0.66_1.00_0.01,blur_2,enc_auto/d5e555_b10ff9367997422fade7cb06a6fd79e8_mv2.jpg]
[static.wixstatic.com/media/d5e555_1f1440325b0d491bbddf7bb95a35d105_mv2.jpg/v1/fill/w_122,h_70,al_c,q_80,usm_0.66_1.00_0.01,blur_2,enc_auto/d5e555_1f1440325b0d491bbddf7bb95a35d105_mv2.jpg]
[www.zonetangible.com/shop.html]
[static.wixstatic.com/media/d5e555_f64e63da89c446c887d48878c306415f_mv2.jpg/v1/fill/w_103,h_138,al_c,q_80,usm_0.66_1.00_0.01,blur_2,enc_auto/d5e555_f64e63da89c446c887d48878c306415f_mv2.jpg]
[static.wixstatic.com/media/d5e555_18019ed7b9a54b8797433da95f9b6952_mv2.jpg/v1/fill/w_122,h_111,al_c,q_80,usm_0.66_1.00_0.01,blur_2,enc_auto/d5e555_18019ed7b9a54b8797433da95f9b6952_mv2.jpg]
[static.wixstatic.com/media/d5e555_1a1012d28abb4c818c395dce1ba77cb3_mv2.jpg/v1/fill/w_123,h_123,al_c,q_80,usm_0.66_1.00_0.01,blur_2,enc_auto/d5e555_1a1012d28abb4c818c395dce1ba77cb3_mv2.jpg]
[www.zonetangible.com/services-1.html]
[static.parastorage.com/services/wix-code-platform/1.1097.93/elementory-browser-support.min.js]
[www.zonetangible.com/customer-care.html]
[static.wixstatic.com/media/d5e555_2e9df5befeea4c80831e938808a30902_mv2.jpg/v1/fill/w_81,h_108,al_c,q_80,usm_0.66_1.00_0.01,blur_2,enc_auto/d5e555_2e9df5befeea4c80831e938808a30902_mv2.jpg]
[static.wixstatic.com/media/d5e555_feca1b498f9a4e0d981ffcf228e9c907_mv2.jpg/v1/fill/w_83,h_119,al_c,q_80,usm_0.66_1.00_0.01,blur_2,enc_auto/d5e555_feca1b498f9a4e0d981ffcf228e9c907_mv2.jpg]
[www.zonetangible.com/about-5.html]
[www.zonetangible.com/shop.html]
